// Jest Snapshot v1, https://goo.gl/fbAQLP

exports[`Footer Adds Footer snapshot testing 1`] = `ShallowWrapper {}`;
