// Jest Snapshot v1, https://goo.gl/fbAQLP

exports[`CardsFilter Adds CardsFilter snapshot testing 1`] = `ShallowWrapper {}`;
