// Jest Snapshot v1, https://goo.gl/fbAQLP

exports[`FilmDesc Adds FilmDesc snapshot testing 1`] = `ShallowWrapper {}`;
