// Jest Snapshot v1, https://goo.gl/fbAQLP

exports[`Button Adds Button snapshot testing 1`] = `ShallowWrapper {}`;
