// Jest Snapshot v1, https://goo.gl/fbAQLP

exports[`Card Adds Card snapshot testing 1`] = `ShallowWrapper {}`;
