// Jest Snapshot v1, https://goo.gl/fbAQLP

exports[`Text Adds Text snapshot testing 1`] = `ShallowWrapper {}`;
