// Jest Snapshot v1, https://goo.gl/fbAQLP

exports[`Header Adds Header snapshot testing 1`] = `ShallowWrapper {}`;
