// Jest Snapshot v1, https://goo.gl/fbAQLP

exports[`Content Adds Content snapshot testing 1`] = `ShallowWrapper {}`;
