// Jest Snapshot v1, https://goo.gl/fbAQLP

exports[`Rating Adds Rating snapshot testing 1`] = `ShallowWrapper {}`;
