// Jest Snapshot v1, https://goo.gl/fbAQLP

exports[`Input Adds Input snapshot testing 1`] = `ShallowWrapper {}`;
